2026.05.11 16:39:01 INFO  Started: Metals version 1.6.7 in folders '/Users/suryakirangorthi/Hello-World' for client Visual Studio Code 1.116.0.[0m
2026.05.11 16:39:01 INFO  Memory monitor started[0m
2026.05.11 16:39:01 WARN  Using H2 2.4.240 which is newer than the version Flyway has been verified with. The latest verified version of H2 is 2.3.232.[0m
2026.05.11 16:39:02 INFO  no build target found for /Users/suryakirangorthi/Hello-World/Main.java. Using fallback presentation compiler.[0m
2026.05.11 16:39:02 WARN  no build tool detected in workspace '/Users/suryakirangorthi/Hello-World'. The most common cause for this problem is that the editor was opened in the wrong working directory, for example if you use sbt then the workspace directory should contain build.sbt. [0m
2026.05.11 16:39:02 WARN  Build server is not auto-connectable.[0m
2026.05.11 16:39:02 WARN  no build target for: /Users/suryakirangorthi/Hello-World/Main.java[0m
2026.05.11 16:39:02 INFO  no build target found for /Users/suryakirangorthi/Hello-World/Main.java. Using fallback presentation compiler.[0m
2026.05.11 16:39:02 INFO  no build target found for /Users/suryakirangorthi/Hello-World/Main.java. Using fallback presentation compiler.[0m
2026.05.11 16:39:02 WARN  Running javac-semanticdb failed for file:///Users/suryakirangorthi/Hello-World/Main.java. Output:
[0m
2026.05.11 16:39:06 INFO  no build target found for /Users/suryakirangorthi/Hello-World/Main.java. Using fallback presentation compiler.[0m
2026.05.11 16:39:08 INFO  no build target found for /Users/suryakirangorthi/Hello-World/Main.java. Using fallback presentation compiler.[0m
2026.05.11 16:39:08 INFO  no build target found for /Users/suryakirangorthi/Hello-World/Main.java. Using fallback presentation compiler.[0m
2026.05.11 16:39:08 INFO  no build target found for /Users/suryakirangorthi/Hello-World/Main.java. Using fallback presentation compiler.[0m
2026.05.11 16:39:09 INFO  no build target found for /Users/suryakirangorthi/Hello-World/Main.java. Using fallback presentation compiler.[0m
2026.05.11 16:39:09 WARN  Running javac-semanticdb failed for file:///Users/suryakirangorthi/Hello-World/Main.java. Output:
[0m
2026.05.11 16:39:13 INFO  no build target found for /Users/suryakirangorthi/Hello-World/Main.java. Using fallback presentation compiler.[0m
2026.05.11 16:39:13 INFO  no build target found for /Users/suryakirangorthi/Hello-World/Main.java. Using fallback presentation compiler.[0m
2026.05.11 16:39:14 INFO  no build target found for /Users/suryakirangorthi/Hello-World/Main.java. Using fallback presentation compiler.[0m
2026.05.11 16:39:14 INFO  no build target found for /Users/suryakirangorthi/Hello-World/Main.java. Using fallback presentation compiler.[0m
2026.05.11 16:39:15 INFO  no build target found for /Users/suryakirangorthi/Hello-World/Main.java. Using fallback presentation compiler.[0m
2026.05.11 16:39:15 WARN  Running javac-semanticdb failed for file:///Users/suryakirangorthi/Hello-World/Main.java. Output:
[0m
2026.05.11 16:39:16 INFO  no build target found for /Users/suryakirangorthi/Hello-World/Main.java. Using fallback presentation compiler.[0m
2026.05.11 16:39:17 INFO  no build target found for /Users/suryakirangorthi/Hello-World/Main.java. Using fallback presentation compiler.[0m
2026.05.11 16:39:17 INFO  no build target found for /Users/suryakirangorthi/Hello-World/Main.java. Using fallback presentation compiler.[0m
2026.05.11 16:39:17 INFO  no build target found for /Users/suryakirangorthi/Hello-World/Main.java. Using fallback presentation compiler.[0m
2026.05.11 16:39:18 WARN  Running javac-semanticdb failed for file:///Users/suryakirangorthi/Hello-World/Main.java. Output:
[0m
2026.05.11 16:39:18 INFO  no build target found for /Users/suryakirangorthi/Hello-World/Main.java. Using fallback presentation compiler.[0m
2026.05.11 16:39:23 INFO  no build target found for /Users/suryakirangorthi/Hello-World/Main.java. Using fallback presentation compiler.[0m
2026.05.11 16:39:23 INFO  no build target found for /Users/suryakirangorthi/Hello-World/Main.java. Using fallback presentation compiler.[0m
2026.05.11 16:39:24 WARN  Running javac-semanticdb failed for file:///Users/suryakirangorthi/Hello-World/Main.java. Output:
[0m
2026.05.11 16:39:24 INFO  no build target found for /Users/suryakirangorthi/Hello-World/Main.java. Using fallback presentation compiler.[0m
2026.05.11 16:39:36 WARN  no build target for: /Users/suryakirangorthi/Hello-World/Main.java[0m
2026.05.11 16:39:36 INFO  no build target found for /Users/suryakirangorthi/Hello-World/Main.java. Using fallback presentation compiler.[0m
